[surveypluto.com/index.html]
[backblue.gif]
[fade.gif]
[index.html]
[static.surveypluto.com/static/assets/images/surveypluto-blog.png]
[static.surveypluto.com/static/assets/images/favicon-192.png]
[static.surveypluto.com/static/assets/images/favicon-32.png]
[static.surveypluto.com/min/css/pagecommon.min9628.css]
[static.surveypluto.com/min/css/iconfont.min9628.css]
[cdnjs.cloudflare.com/ajax/libs/jquery/1.11.3/jquery.min.js]
[static.surveypluto.com/static/js/jquery-1.11.3.min.js]
[static.surveypluto.com/min/js/pagecommon.min9628.js]
[static.surveypluto.com/static/assets/images/logo.png]
[static.surveypluto.com/static/assets/images/dropdown.png]
[surveypluto.com/app/login.html]
[surveypluto.com/registration-form/index.html]
[surveypluto.com/survey-software/index.html]
[surveypluto.com/employee-satisfaction-survey/index.html]
[surveypluto.com/poll/index.html]
[surveypluto.com/app/survey/create.html]
[surveypluto.com/customer-satisfaction-survey/index.html]
[surveypluto.com/employee-engagement-survey/index.html]
[surveypluto.com/customer-journey/index.html]
[surveypluto.com/nps-survey/index.html]
[static.surveypluto.com/static/assets/images/avatar.png]
[surveypluto.com/max-diff/index.html]
[surveypluto.com/conjoint-analysis/index.html]
[surveypluto.com/kano-model/index.html]
[surveypluto.com/product-concept-testing/index.html]
[surveypluto.com/psm-model/index.html]
[surveypluto.com/product-comparison-testing/index.html]
[static.surveypluto.com/min/css/homepage.min9628.css]
[surveypluto.com/templates/index.html]
[surveypluto.com/blog/index.html]
[surveypluto.com/help/index.html]
[surveypluto.com/aboutus/index.html]
[surveypluto.com/contactus/index.html]
[static.surveypluto.com/min/js/homepage.min9628.js]
[static.surveypluto.com/static/assets/images/star.png]
[static.surveypluto.com/static/assets/images/icon-ur.png]
[static.surveypluto.com/static/assets/images/icon-us.png]
[static.surveypluto.com/static/assets/images/icon-fud.png]
[static.surveypluto.com/static/assets/images/SurveyQuestionnaire.png]
[static.surveypluto.com/static/assets/images/EmployeeSatisfaction.png]
[static.surveypluto.com/static/assets/images/CustomerSatisfaction.png]
[static.surveypluto.com/static/assets/images/EmployeeDedication.png]
[static.surveypluto.com/static/assets/images/CustomerJourney.png]
[static.surveypluto.com/static/assets/images/NPSSurvey.png]
[static.surveypluto.com/static/assets/images/step-1.png]
[static.surveypluto.com/static/assets/images/step-11.png]
[static.surveypluto.com/static/assets/images/step-2.png]
[static.surveypluto.com/static/assets/images/step-22.png]
[static.surveypluto.com/static/assets/images/step-3.png]
[static.surveypluto.com/static/assets/images/step-33.png]
[static.surveypluto.com/static/assets/images/step-planet.png]
[static.surveypluto.com/static/assets/images/check-edit.png]
[static.surveypluto.com/static/assets/images/edit-img.png]
[static.surveypluto.com/static/assets/images/check-share.png]
[static.surveypluto.com/static/assets/images/share-img.png]
[static.surveypluto.com/static/assets/images/check-report.png]
[static.surveypluto.com/static/assets/images/reprot-img.png]
[surveypluto.com/templates/nps-survey-template/index.html]
[surveypluto.com/q/76KogblY5.html]
[surveypluto.com/cdn-cgi/l/email-protection.html]
[surveypluto.com/templates/party-invitation-template/index.html]
[surveypluto.com/templates/team-activity-form-template/index.html]
[surveypluto.com/templates/conference-evaluation-survey-template/index.html]
[surveypluto.com/templates/campus-diversity-survey-template/index.html]
[surveypluto.com/cdn-cgi/scripts/5c5dd728/cloudflare-static/email-decode.min.js]
[surveypluto.com/index.html]
[surveypluto.com/cdn-cgi/scripts/7d0fa10a/cloudflare-static/rocket-loader.min.js]
[surveypluto.com/templates/workplace-safety-survey-template/index.html]
[surveypluto.com/templates/management-performance-survey-template/index.html]
[surveypluto.com/templates/employee-performance-survey-template/index.html]
[surveypluto.com/feed/index.html]
[surveypluto.com/legal/cookie-notice/index.html]
[static.surveypluto.com/min/css/pagecommon.min9628.css]
[static.surveypluto.com/min/css/iconfont.min9628.css]
[surveypluto.com/legal/general-data-protection-regulation/index.html]
[surveypluto.com/legal/terms-of-use/index.html]
[surveypluto.com/legal/privacy-notice/index.html]
[static.surveypluto.com/min/css/surveysoftware.min9628.css]
[static.surveypluto.com/static/assets/images/survey-software/bg.jpg]
[static.surveypluto.com/min/js/surveysoftware.min9628.js]
[static.surveypluto.com/static/assets/images/survey-software/img-question-types.png]
[static.surveypluto.com/static/assets/images/survey-software/img-Customize-Survey-Style.png]
[static.surveypluto.com/static/assets/images/survey-software/icon-logic.png]
[static.surveypluto.com/static/assets/images/survey-software/img-logic.png]
[static.surveypluto.com/static/assets/images/survey-software/img-quota.png]
[static.surveypluto.com/static/assets/images/survey-software/icon-quota.png]
[static.surveypluto.com/static/assets/images/survey-software/img-default-report.png]
[static.surveypluto.com/static/assets/images/survey-software/img-classfication-report.png]
[static.surveypluto.com/static/assets/images/survey-software/img-customize-reports.png]
[static.surveypluto.com/static/assets/images/survey-software/img-crosstab-reports.png]
[static.surveypluto.com/static/assets/images/survey-software/img-dashboard.png]
[static.surveypluto.com/static/assets/images/survey-software/img-spss.png]
[surveypluto.com/survey-software/index.html]
[static.surveypluto.com/min/css/registration-form.min9628.css]
[static.surveypluto.com/static/assets/images/registration-form/bg.jpg]
[static.surveypluto.com/min/js/registration-form.min9628.js]
[static.surveypluto.com/static/assets/images/registration-form/order.png]
[static.surveypluto.com/static/assets/images/registration-form/appointment.png]
[static.surveypluto.com/static/assets/images/registration-form/check-in.png]
[static.surveypluto.com/static/assets/images/registration-form/registration.png]
[static.surveypluto.com/static/assets/images/registration-form/feedback.png]
[static.surveypluto.com/static/assets/images/registration-form/purchase.png]
[static.surveypluto.com/static/assets/images/registration-form/diverse-functions.png]
[static.surveypluto.com/static/assets/images/registration-form/feedbacknotification.png]
[static.surveypluto.com/static/assets/images/registration-form/eventregistration.png]
[static.surveypluto.com/static/assets/images/registration-form/school-extracurricular.jpg]
[static.surveypluto.com/static/assets/images/registration-form/app-conferencecheck-in-case.png]
[static.surveypluto.com/static/assets/images/registration-form/foodand-beverage.jpg]
[static.surveypluto.com/static/assets/images/registration-form/hospital-treatment.jpg]
[static.surveypluto.com/static/assets/images/registration-form/apphospital-treatment-case.png]
[static.surveypluto.com/static/assets/images/registration-form/conference-check-in.jpg]
[static.surveypluto.com/static/assets/images/registration-form/app-schooextracurricular-case.png]
[static.surveypluto.com/static/assets/images/registration-form/enterpriseonboarding.jpg]
[static.surveypluto.com/static/assets/images/registration-form/enterprise-onboarding-case.png]
[surveypluto.com/registration-form/index.html]
[static.surveypluto.com/min/css/poll.min9628.css]
[static.surveypluto.com/static/assets/images/poll/pc/bg.jpg]
[static.surveypluto.com/static/assets/images/poll/pc/editpollcontent.png]
[static.surveypluto.com/static/assets/images/poll/pc/arrow.png]
[static.surveypluto.com/static/assets/images/poll/pc/sharepolllink.png]
[static.surveypluto.com/static/assets/images/poll/pc/viewpollresults.png]
[static.surveypluto.com/static/assets/images/poll/pc/customizepollstyles.png]
[static.surveypluto.com/static/assets/images/poll/pc/livepollingwall.png]
[surveypluto.com/poll/index.html]
[static.surveypluto.com/min/css/employee-satisfaction.min9628.css]
[static.surveypluto.com/static/assets/images/employee-satisfaction/bg.jpg]
[static.surveypluto.com/min/js/employee-satisfaction.min9628.js]
[static.surveypluto.com/static/assets/images/employee-satisfaction/a.png]
[static.surveypluto.com/static/assets/images/employee-satisfaction/c.png]
[static.surveypluto.com/static/assets/images/employee-satisfaction/b.png]
[static.surveypluto.com/static/assets/images/employee-satisfaction/f.png]
[static.surveypluto.com/static/assets/images/employee-satisfaction/d.png]
[static.surveypluto.com/static/assets/images/employee-satisfaction/e.png]
[surveypluto.com/employee-satisfaction-survey/index.html]
[static.surveypluto.com/min/css/customer-satisfaction.min9628.css]
[static.surveypluto.com/min/js/customer-satisfaction.min9628.js]
[static.surveypluto.com/static/assets/images/customer-satisfaction/e.png]
[static.surveypluto.com/static/assets/images/customer-satisfaction/h.png]
[static.surveypluto.com/static/assets/images/customer-satisfaction/a.png]
[static.surveypluto.com/static/assets/images/customer-satisfaction/f.png]
[static.surveypluto.com/static/assets/images/customer-satisfaction/b.png]
[static.surveypluto.com/static/assets/images/customer-satisfaction/g.png]
[static.surveypluto.com/static/assets/images/customer-satisfaction/d.png]
[static.surveypluto.com/static/assets/images/customer-satisfaction/c.png]
[static.surveypluto.com/static/assets/images/customer-satisfaction/i.png]
[surveypluto.com/customer-satisfaction-survey/index.html]
[static.surveypluto.com/min/css/employeeengagement.min9628.css]
[static.surveypluto.com/static/assets/images/employee-engagement/bg.jpg]
[static.surveypluto.com/min/js/employeeengagement.min9628.js]
[static.surveypluto.com/static/assets/images/employee-engagement/img-Gallup.png]
[static.surveypluto.com/static/assets/images/employee-engagement/img-EEI.png]
[static.surveypluto.com/static/assets/images/employee-engagement/img-monthly.png]
[static.surveypluto.com/static/assets/images/employee-engagement/img-annual.png]
[static.surveypluto.com/static/assets/images/employee-engagement/img-comparison.png]
[static.surveypluto.com/static/assets/images/employee-engagement/img-detailreport.png]
[static.surveypluto.com/static/assets/images/employee-engagement/img-imapctfactors.png]
[static.surveypluto.com/static/assets/images/employee-engagement/img-SWOT.png]
[surveypluto.com/employee-engagement-survey/index.html]
[static.surveypluto.com/min/css/customer-journey.min9628.css]
[static.surveypluto.com/static/assets/images/customer-journey/bg-journey.png]
[static.surveypluto.com/min/js/customer-journey.min9628.js]
[static.surveypluto.com/static/assets/images/customer-journey/journey1.png]
[static.surveypluto.com/static/assets/images/customer-journey/journey2.png]
[static.surveypluto.com/static/assets/images/customer-journey/g.png]
[static.surveypluto.com/static/assets/images/customer-journey/b.png]
[static.surveypluto.com/static/assets/images/customer-journey/c.png]
[static.surveypluto.com/static/assets/images/customer-journey/f.png]
[static.surveypluto.com/static/assets/images/customer-journey/a.png]
[static.surveypluto.com/static/assets/images/customer-journey/d.png]
[static.surveypluto.com/static/assets/images/customer-journey/e.png]
[surveypluto.com/customer-journey/index.html]
[static.surveypluto.com/min/css/npssurvey.min9628.css]
[static.surveypluto.com/static/assets/images/nps-survey/bg.jpg]
[static.surveypluto.com/min/js/npssurvey.min9628.js]
[static.surveypluto.com/static/assets/images/nps-survey/Promoters.png]
[static.surveypluto.com/static/assets/images/nps-survey/Passives.png]
[static.surveypluto.com/static/assets/images/nps-survey/Detractors.png]
[static.surveypluto.com/static/assets/images/nps-survey/img-NPS.png]
[static.surveypluto.com/static/assets/images/nps-survey/img-reports1.png]
[static.surveypluto.com/static/assets/images/nps-survey/img-reports2.png]
[static.surveypluto.com/static/assets/images/nps-survey/img-reports3.png]
[static.surveypluto.com/static/assets/images/nps-survey/img-Low-Score.png]
[static.surveypluto.com/static/assets/images/nps-survey/img-word-cloud.png]
[surveypluto.com/nps-survey/index.html]
[static.surveypluto.com/min/css/max-diff.min9628.css]
[static.surveypluto.com/static/assets/images/max-diff/bg.jpg]
[static.surveypluto.com/min/js/max-diff.min9628.js]
[static.surveypluto.com/static/assets/images/max-diff/high-discrimination.png]
[static.surveypluto.com/static/assets/images/max-diff/reduced-response-bias.png]
[static.surveypluto.com/static/assets/images/max-diff/easy-to-understand.png]
[static.surveypluto.com/static/assets/images/max-diff/applicable-to-various-scenarios.png]
[static.surveypluto.com/static/assets/images/max-diff/cross-cultural-research.png]
[static.surveypluto.com/static/assets/images/max-diff/product-development.png]
[static.surveypluto.com/static/assets/images/max-diff/market-segmentation.png]
[static.surveypluto.com/static/assets/images/max-diff/advertising-testing.png]
[static.surveypluto.com/static/assets/images/max-diff/pricing-strategy.png]
[static.surveypluto.com/static/assets/images/max-diff/brand-positioning.png]
[static.surveypluto.com/static/assets/images/max-diff/more-to-explore.png]
[static.surveypluto.com/static/assets/images/max-diff/how-to-create.png]
[static.surveypluto.com/static/assets/images/max-diff/analysis-results.png]
[static.surveypluto.com/static/assets/images/max-diff/case1.png]
[static.surveypluto.com/static/assets/images/max-diff/case-mobile.png]
[static.surveypluto.com/static/assets/images/max-diff/case-travel.png]
[static.surveypluto.com/static/assets/images/max-diff/case2.png]
[surveypluto.com/max-diff/index.html]
[static.surveypluto.com/min/css/conjoint-analysis.min9628.css]
[static.surveypluto.com/static/assets/images/conjoint-analysis/bg.jpg]
[static.surveypluto.com/min/js/conjoint-analysis.min9628.js]
[static.surveypluto.com/static/assets/images/conjoint-analysis/product-development.png]
[static.surveypluto.com/static/assets/images/conjoint-analysis/pricing-strategy.png]
[static.surveypluto.com/static/assets/images/conjoint-analysis/market-segmentation.png]
[static.surveypluto.com/static/assets/images/conjoint-analysis/marketing-strategy.png]
[static.surveypluto.com/static/assets/images/conjoint-analysis/competitive-advantage.png]
[static.surveypluto.com/static/assets/images/conjoint-analysis/aa.png]
[static.surveypluto.com/static/assets/images/conjoint-analysis/Report-bg.jpg]
[static.surveypluto.com/static/assets/images/conjoint-analysis/Degree.png]
[static.surveypluto.com/static/assets/images/conjoint-analysis/img-degree.png]
[static.surveypluto.com/static/assets/images/conjoint-analysis/Ranking.png]
[static.surveypluto.com/static/assets/images/conjoint-analysis/img-rank.png]
[static.surveypluto.com/static/assets/images/conjoint-analysis/automobile-manufacturer.jpg]
[static.surveypluto.com/static/assets/images/conjoint-analysis/case1.png]
[static.surveypluto.com/static/assets/images/conjoint-analysis/telecommunications-company.jpg]
[static.surveypluto.com/static/assets/images/conjoint-analysis/case2.png]
[static.surveypluto.com/static/assets/images/conjoint-analysis/food-brand.jpg]
[static.surveypluto.com/static/assets/images/conjoint-analysis/case3.png]
[surveypluto.com/conjoint-analysis/index.html]
[static.surveypluto.com/min/css/kano-model.min9628.css]
[static.surveypluto.com/static/assets/images/kano-model/bac.png]
[static.surveypluto.com/min/js/kano-model.min9628.js]
[static.surveypluto.com/static/assets/images/kano-model/img-kano.png]
[static.surveypluto.com/static/assets/images/kano-model/icon-1.png]
[static.surveypluto.com/static/assets/images/kano-model/icon-2.png]
[static.surveypluto.com/static/assets/images/kano-model/icon-3.png]
[static.surveypluto.com/static/assets/images/kano-model/img-kano-model.png]
[static.surveypluto.com/static/assets/images/kano-model/icon-questionnaire.png]
[static.surveypluto.com/static/assets/images/kano-model/icon-feedback.png]
[static.surveypluto.com/static/assets/images/kano-model/icon-data.png]
[static.surveypluto.com/static/assets/images/kano-model/img-kano-chart.png]
[static.surveypluto.com/static/assets/images/kano-model/b.png]
[static.surveypluto.com/static/assets/images/kano-model/a.png]
[static.surveypluto.com/static/assets/images/kano-model/icon-screensize.png]
[static.surveypluto.com/static/assets/images/kano-model/icon-batterylife.png]
[static.surveypluto.com/static/assets/images/kano-model/icon-cameraquality.png]
[static.surveypluto.com/static/assets/images/kano-model/icon-rocessorspeed.png]
[static.surveypluto.com/static/assets/images/kano-model/icon-price.png]
[static.surveypluto.com/static/assets/images/kano-model/img-casestudy.png]
[surveypluto.com/kano-model/index.html]
[static.surveypluto.com/min/css/psm-model.min9628.css]
[static.surveypluto.com/static/assets/images/psm-model/bac.jpg]
[static.surveypluto.com/min/js/psm-model.min9628.js]
[static.surveypluto.com/static/assets/images/psm-model/img-pricechanges.png]
[static.surveypluto.com/static/assets/images/psm-model/img-bestprice.png]
[static.surveypluto.com/static/assets/images/psm-model/img-ou.png]
[static.surveypluto.com/static/assets/images/psm-model/img-industry.png]
[static.surveypluto.com/static/assets/images/psm-model/img-visualizedreport.png]
[static.surveypluto.com/static/assets/images/psm-model/icon-intersection.png]
[static.surveypluto.com/static/assets/images/psm-model/icon-breakpoints.png]
[static.surveypluto.com/static/assets/images/psm-model/icon-trends.png]
[static.surveypluto.com/static/assets/images/psm-model/icon-company.png]
[static.surveypluto.com/static/assets/images/psm-model/icon-challenge.png]
[static.surveypluto.com/static/assets/images/psm-model/icon-solution.png]
[static.surveypluto.com/static/assets/images/psm-model/icon-result.png]
[static.surveypluto.com/static/assets/images/psm-model/img-casestudy.png]
[surveypluto.com/psm-model/index.html]
[static.surveypluto.com/min/css/product-concept-testing.min9628.css]
[static.surveypluto.com/static/assets/images/concept/save.png]
[static.surveypluto.com/static/assets/images/concept/vip.png]
[static.surveypluto.com/static/assets/images/concept/accept-database.png]
[static.surveypluto.com/static/assets/images/concept/icon-save-cost.png]
[static.surveypluto.com/static/assets/images/concept/early-warning.png]
[static.surveypluto.com/static/assets/images/concept/cz.png]
[static.surveypluto.com/static/assets/images/concept/hg.png]
[static.surveypluto.com/static/assets/images/concept/bz3.png]
[static.surveypluto.com/static/assets/images/concept/bz2.png]
[static.surveypluto.com/static/assets/images/concept/weidu.png]
[static.surveypluto.com/static/assets/images/concept/data.png]
[static.surveypluto.com/static/assets/images/concept/bz.png]
[surveypluto.com/product-concept-testing/index.html]
[static.surveypluto.com/min/css/product-comparison-testing.min9628.css]
[static.surveypluto.com/static/assets/images/product-comparison-testing/banner.jpg]
[static.surveypluto.com/min/js/product-comparison-testing.min9628.js]
[static.surveypluto.com/static/assets/images/product-comparison-testing/1.png]
[static.surveypluto.com/static/assets/images/product-comparison-testing/2.png]
[static.surveypluto.com/static/assets/images/product-comparison-testing/3.png]
[static.surveypluto.com/static/assets/images/product-comparison-testing/4.png]
[static.surveypluto.com/static/assets/images/product-comparison-testing/5.png]
[static.surveypluto.com/static/assets/images/product-comparison-testing/6.png]
[static.surveypluto.com/static/assets/images/product-comparison-testing/7.png]
[static.surveypluto.com/static/assets/images/product-comparison-testing/8.png]
[surveypluto.com/product-comparison-testing/index.html]
[static.surveypluto.com/min/css/templates.min9628.css]
[static.surveypluto.com/static/assets/images/templates/bg.png]
[static.surveypluto.com/min/js/templates.min9628.js]
[surveypluto.com/templates/category/complaint-form/index.html]
[osspublic.surveypluto.com/system/template/16981131674751698113167iPG75a.jpg]
[static.surveypluto.com/static/assets/images/templates/nps.png]
[osspublic.surveypluto.com/system/template/169526662672116952666262Z4YFh.jpg]
[surveypluto.com/templates/category/nps/index.html]
[osspublic.surveypluto.com/system/template/16994058153371699405815WShwQ5.jpg]
[surveypluto.com/templates/category/customer-booking/index.html]
[surveypluto.com/templates/category/customer-churn/index.html]
[osspublic.surveypluto.com/system/template/16989086341151698908634wYdthW.jpg]
[surveypluto.com/templates/category/customer-journey/index.html]
[osspublic.surveypluto.com/system/template/16952769376301695276937pwFizA.jpg]
[osspublic.surveypluto.com/system/template/170433351412717043335146e4ijc.jpg]
[surveypluto.com/templates/category/customer-request/index.html]
[surveypluto.com/templates/category/customer-satisfaction/index.html]
[osspublic.surveypluto.com/system/template/16952660887671695266088cfJeHF.jpg]
[surveypluto.com/templates/category/exit-analysis/index.html]
[osspublic.surveypluto.com/system/template/16952773858341695277385N57sPp.jpg]
[surveypluto.com/templates/category/training/index.html]
[osspublic.surveypluto.com/system/template/16982184495911698218449ar7kec.jpg]
[osspublic.surveypluto.com/system/template/16983007939351698300793MpjaTa.jpg]
[surveypluto.com/templates/category/recruitment-process/index.html]
[surveypluto.com/templates/category/360-degree-feedback/index.html]
[osspublic.surveypluto.com/system/template/16958671698211695867169YCJiEY.jpg]
[osspublic.surveypluto.com/system/template/169527728859016952772882SyPrC.jpg]
[surveypluto.com/templates/category/employee-satisfaction/index.html]
[osspublic.surveypluto.com/system/template/16994058743001699405874RxcAJj.jpg]
[surveypluto.com/templates/category/employee-request/index.html]
[osspublic.surveypluto.com/system/template/16952773217971695277321kXcwfM.jpg]
[surveypluto.com/templates/category/employee-engagement/index.html]
[osspublic.surveypluto.com/system/template/17059921243891705992124pttETJ.jpg]
[surveypluto.com/templates/category/employee-performance/index.html]
[osspublic.surveypluto.com/system/template/16957975883521695797588F8tcb6.jpg]
[surveypluto.com/templates/category/product-research/index.html]
[osspublic.surveypluto.com/system/template/16989087356791698908735Pe8h2F.jpg]
[surveypluto.com/templates/category/competitor-research/index.html]
[surveypluto.com/templates/category/market-research/index.html]
[osspublic.surveypluto.com/system/template/16983991402881698399140aymJtj.jpg]
[surveypluto.com/templates/category/social-media/index.html]
[osspublic.surveypluto.com/system/template/16983908164841698390816ERTXiE.jpg]
[osspublic.surveypluto.com/system/template/16969193269761696919326BcWbFD.png]
[surveypluto.com/templates/category/brand-research/index.html]
[osspublic.surveypluto.com/system/template/16989086940231698908694kHGizi.jpg]
[surveypluto.com/templates/category/parent-survey/index.html]
[surveypluto.com/templates/category/mental-health/index.html]
[osspublic.surveypluto.com/system/template/system/16970953572251697095357H3PZrA.jpg]
[surveypluto.com/templates/category/performance-feedback/index.html]
[osspublic.surveypluto.com/system/template/system/16970978089151697097808QsbQ4A.jpg]
[surveypluto.com/templates/category/course-evaluation/index.html]
[osspublic.surveypluto.com/system/template/16958708878011695870887F32S5j.jpg]
[osspublic.surveypluto.com/system/template/16981124930031698112493wd7Kty.jpg]
[surveypluto.com/templates/category/student-application/index.html]
[surveypluto.com/templates/category/student-registration/index.html]
[osspublic.surveypluto.com/system/template/16976173997061697617399ka3rA4.jpg]
[osspublic.surveypluto.com/system/template/16994059173421699405917KQs3Dr.jpg]
[surveypluto.com/templates/category/student-submission/index.html]
[surveypluto.com/templates/category/patient-booking/index.html]
[osspublic.surveypluto.com/system/template/17006160170621700616017c2TKMS.jpg]
[osspublic.surveypluto.com/system/template/17005364794581700536479pGMrHs.jpg]
[surveypluto.com/templates/category/patient-satisfaction/index.html]
[osspublic.surveypluto.com/system/template/17004696985791700469698kw6Gx3.jpg]
[surveypluto.com/templates/category/patient-information/index.html]
[surveypluto.com/templates/category/event-feedback/index.html]
[osspublic.surveypluto.com/system/template/17011366114001701136611yiwJK8.jpg]
[osspublic.surveypluto.com/system/template/17013060491921701306049PAyPQ4.jpg]
[surveypluto.com/templates/category/event-planning/index.html]
[surveypluto.com/templates/category/event-registration/index.html]
[osspublic.surveypluto.com/system/template/17012206239671701220623GmadaA.jpg]
[surveypluto.com/templates/category/signup-forms/index.html]
[osspublic.surveypluto.com/system/template/17017409858691701740985i8FeBj.jpg]
[osspublic.surveypluto.com/system/template/17023438675511702343867tyY4iD.jpg]
[surveypluto.com/templates/category/contact-forms/index.html]
[osspublic.surveypluto.com/system/template/17017399207361701739920TA732Z.jpg]
[osspublic.surveypluto.com/system/template/170893073629017089307365sisw8.jpg]
[surveypluto.com/templates/category/reservation-forms/index.html]
[surveypluto.com/templates/category/invitation-form/index.html]
[osspublic.surveypluto.com/system/template/17024302083361702430208CEcMx5.jpg]
[surveypluto.com/templates/index.html]
[surveypluto.com/templates/category/consultation-forms/index.html]
[static.surveypluto.com/min/css/blog.min9628.css]
[static.surveypluto.com/min/js/blog.min9628.js]
[surveypluto.com/blog/gather-student-voice-to-drive-change-by-survey-platforms/index.html]
[osspublic.surveypluto.com/system/blog/17047714338101704771433dnEn5p.jpg]
[osspublic.surveypluto.com/system/blog/17036461272751703646127EA7zxx.jpg]
[surveypluto.com/blog/enhance-patient-satisfaction-for-a-better-customer-experience/index.html]
[osspublic.surveypluto.com/system/blog/17023440313571702344031jabApK.jpg]
[surveypluto.com/blog/maximizing-participation-with-survey-description-writing/index.html]
[osspublic.surveypluto.com/system/blog/17006340918041700634091dH7dBd.jpg]
[surveypluto.com/blog/optimizing-customer-journey-to-enhance-customer-experience/index.html]
[osspublic.surveypluto.com/system/blog/17001871711481700187171yzz3hG.jpg]
[surveypluto.com/blog/tips-for-making-a-student-registration-form/index.html]
[surveypluto.com/blog/enhance-survey-effectiveness-the-power-of-option-randomization/index.html]
[osspublic.surveypluto.com/system/blog/17001853167341700185316s6Defj.jpg]
[osspublic.surveypluto.com/system/blog/17000977723331700097772CnDk4b.jpg]
[osspublic.surveypluto.com/system/blog/17000357192041700035719YM8yCa.jpg]
[surveypluto.com/blog/upgrade-your-surveys-with-these-effective-likert-scale-examples/index.html]
[surveypluto.com/blog/360-degree-evaluation-benefits-challenges-and-best-practices/index.html]
[osspublic.surveypluto.com/system/blog/169951434641516995143463E5h27.jpg]
[surveypluto.com/blog/the-importance-of-conducting-stress-surveys-for-students/index.html]
[surveypluto.com/blog/survey-success-discovering-the-optimal-time-for-sending-your-survey/index.html]
[osspublic.surveypluto.com/system/blog/16994985900541699498590ESAa2S.jpg]
[surveypluto.com/blog/how-to-turn-nps-detractors-into-nps-promoters/index.html]
[osspublic.surveypluto.com/system/blog/16994962848371699496284YdKHQs.jpg]
[surveypluto.com/blog/maximizing-advertising-effectiveness-with-ad-testing-research/index.html]
[osspublic.surveypluto.com/system/blog/16993401222991699340122CEZJkH.jpg]
[surveypluto.com/blog/student-satisfaction-survey/index.html]
[osspublic.surveypluto.com/system/blog/16993390103001699339010Rhc5rs.jpg]
[surveypluto.com/blog/unlock-business-success-prioritize-your-employees-experience/index.html]
[osspublic.surveypluto.com/system/blog/16993387501391699338750JjrmbF.jpg]
[osspublic.surveypluto.com/system/blog/16993188274071699318827aZ7Q2t.jpg]
[surveypluto.com/blog/strategic-exit-interview-questions-to-gain-insight-into-your-departing-employees/index.html]
[osspublic.surveypluto.com/system/blog/16992420979191699242097mCPnAD.jpg]
[surveypluto.com/blog/naming-matters-the-role-of-a-great-product-name/index.html]
[osspublic.surveypluto.com/system/blog/16992410774681699241077PAFpj5.jpg]
[surveypluto.com/blog/enhancing-customer-experience-the-key-to-building-a-stronger-business/index.html]
[osspublic.surveypluto.com/system/blog/16992400743921699240074bMwrNj.jpg]
[surveypluto.com/blog/free-survey-maker-create-surveys-and-get-insights-with-surveypluto/index.html]
[surveypluto.com/blog/comparing-quantitative-and-qualitative-research-methods/index.html]
[osspublic.surveypluto.com/system/blog/16992329770841699232977ysdCZb.jpg]
[surveypluto.com/blog/likert-scale-in-online-surveys-definition-and-examples/index.html]
[osspublic.surveypluto.com/system/blog/169897534881716989753482RSwRs.jpg]
[surveypluto.com/blog/an-overview-of-common-types-of-market-research-questions/index.html]
[osspublic.surveypluto.com/system/blog/16989751174611698975117AwcXzZ.png]
[surveypluto.com/blog/customizing-your-questionnaire-by-setting-up-logic/index.html]
[osspublic.surveypluto.com/system/blog/169897493984416989749394XMiNw.png]
[surveypluto.com/blog/an-efficient-data-collection-and-insights-survey-platform/index.html]
[osspublic.surveypluto.com/system/blog/16989744929651698974492XB53mZ.png]
[osspublic.surveypluto.com/system/blog/16988926112531698892611jshEY7.png]
[surveypluto.com/blog/effective-nps-survey-questions/index.html]
[osspublic.surveypluto.com/system/blog/16988914482271698891448kckJDh.png]
[surveypluto.com/blog/how-to-create-a-questionnaire-for-honest-feedback/index.html]
[surveypluto.com/blog/market-research-questionnaire/index.html]
[osspublic.surveypluto.com/system/blog/16988870444241698887044YRYjdb.png]
[osspublic.surveypluto.com/system/blog/16988868241541698886824bxQPSs.png]
[surveypluto.com/blog/how-to-measure-employee-engagement/index.html]
[osspublic.surveypluto.com/system/blog/16988230590341698823059nK8Qfb.png]
[surveypluto.com/blog/four-steps-to-create-a-professional-survey/index.html]
[surveypluto.com/blog/essential-training-survey-questions-for-employees/index.html]
[osspublic.surveypluto.com/system/blog/16988212723551698821272B2nZ87.jpg]
[surveypluto.com/blog/open-ended-vs-closed-ended-questions/index.html]
[osspublic.surveypluto.com/system/blog/169882085429616988208547zrs2J.jpg]
[surveypluto.com/blog/unlocking-the-benefits-of-online-surveys/index.html]
[osspublic.surveypluto.com/system/blog/16988201145021698820114BkS7Z7.jpg]
[surveypluto.com/blog/index.html]
[static.surveypluto.com/min/css/help-center.min9628.css]
[static.surveypluto.com/min/css/iconfontwjx.min9628.css]
[static.surveypluto.com/min/css/pagenation.min9628.css]
[static.surveypluto.com/min/js/help-center.min9628.js]
[surveypluto.com/help/index.html]
[static.surveypluto.com/min/js/pagenation.min9628.js]
[surveypluto.com/help/add-questions/research-question-types/index.html]
[surveypluto.com/help/add-questions/research-question-types/maxdiff-analysis-question/index.html]
[surveypluto.com/help/add-questions/research-question-types/kano-model-question/index.html]
[surveypluto.com/help/add-questions/designing-your-survey/creating-a-survey-from-scratch/index.html]
[surveypluto.com/help/add-questions/research-question-types/van-westendorp-psm-question/index.html]
[static.surveypluto.com/static/assets/images/aboutus/bg.jpg]
[surveypluto.com/help/add-questions/question-settings/referring-to-previous-answer/index.html]
[surveypluto.com/help/add-questions/index.html]
[surveypluto.com/help/add-questions/logic-setting/display-logic/index.html]
[surveypluto.com/help/add-questions/designing-your-survey/index.html]
[surveypluto.com/help/add-questions/choice-question-types/index.html]
[static.surveypluto.com/static/assets/images/aboutus/img01.jpg]
[surveypluto.com/help/add-questions/text-question-types/index.html]
[surveypluto.com/help/go-to-collect/index.html]
[surveypluto.com/help/go-to-collect/sending-by-link/index.html]
[static.surveypluto.com/static/assets/images/aboutus/img02.jpg]
[static.surveypluto.com/static/assets/images/aboutus/email.png]
[surveypluto.com/aboutus/index.html]
[static.surveypluto.com/static/js/layer/layer-v3.5.1/layer/layer.js]
[static.surveypluto.com/min/css/contact-us.min9628.css]
[static.surveypluto.com/static/assets/images/aboutus/contactus/bg-contactus.png]
[static.surveypluto.com/min/js/contact-us.min9628.js]
[static.surveypluto.com/static/assets/images/aboutus/contactus/icon-Email.png]
[static.surveypluto.com/static/assets/images/aboutus/contactus/ConsultationServices.jpg]
[static.surveypluto.com/static/assets/images/aboutus/contactus/ComplaintsSuggestions.jpg]
[surveypluto.com/contactus/index.html]
[cdnjs.cloudflare.com/ajax/libs/element-plus/2.4.1/index.min.css]
[cdnjs.cloudflare.com/ajax/libs/vue/3.3.7/vue.global.prod.min.js]
[cdnjs.cloudflare.com/ajax/libs/vue-demi/0.14.6/index.iife.min.js]
[cdnjs.cloudflare.com/ajax/libs/pinia/2.1.7/pinia.iife.prod.min.js]
[cdnjs.cloudflare.com/ajax/libs/vue-router/4.2.5/vue-router.global.prod.min.js]
[cdnjs.cloudflare.com/ajax/libs/html2canvas/1.4.1/html2canvas.min.js]
[cdnjs.cloudflare.com/ajax/libs/axios/1.6.0/axios.min.js]
[cdnjs.cloudflare.com/ajax/libs/lodash.js/4.17.21/lodash.min.js]
[cdnjs.cloudflare.com/ajax/libs/dayjs/1.11.10/dayjs.min.js]
[cdnjs.cloudflare.com/ajax/libs/element-plus/2.4.1/index.full.min.js]
[static.surveypluto.com/static/app/202402280050/0cf534eb.js]
[surveypluto.com/app/login.html]
[surveypluto.com/app/survey/create.html]
[static.surveypluto.com/static/app/202402280050/css/9eff6127.css]
[static.surveypluto.com/static/assets/images/planet.png]
[static.surveypluto.com/static/assets/images/edit.png]
[static.surveypluto.com/static/assets/images/share.png]
[static.surveypluto.com/static/assets/images/viewreport.png]
[static.surveypluto.com/static/assets/images/Market-bg.jpg]
[static.surveypluto.com/static/assets/images/MaxDiff.png]
[static.surveypluto.com/static/assets/images/ConjointAnalysis.png]
[static.surveypluto.com/static/assets/images/KANO.png]
[static.surveypluto.com/static/assets/images/PSM.png]
[static.surveypluto.com/static/assets/images/ProductConceptTesting.jpg]
[static.surveypluto.com/static/assets/images/ProductComparisonTest.png]
[static.surveypluto.com/static/assets/images/img-createasurvey.png]
[static.surveypluto.com/min/css/homepage.min9628.css]
[static.surveypluto.com/min/css/default.min9628.css]
[static.surveypluto.com/min/css/phone.min9628.css]
[surveypluto.com/templates/nps-survey-template/index.html]
[surveypluto.com/templates/party-invitation-template/index.html]
[surveypluto.com/templates/conference-evaluation-survey-template/index.html]
[surveypluto.com/templates/team-activity-form-template/index.html]
[surveypluto.com/templates/campus-diversity-survey-template/index.html]
[surveypluto.com/templates/workplace-safety-survey-template/index.html]
[surveypluto.com/templates/management-performance-survey-template/index.html]
[surveypluto.com/templates/employee-performance-survey-template/index.html]
[static.surveypluto.com/min/css/scan.min9628.css]
[static.surveypluto.com/min/css/viewer.min9628.css]
[static.surveypluto.com/min/css/quill.min9628.css]
[static.surveypluto.com/min/css/jqmobo.min9628.css]
[static.surveypluto.com/min/css/jqmobo_pc.min9628.css]
[static.surveypluto.com/static/assets/images/appearance/pc_bg01.jpg]
[osspublic.surveypluto.com/usercustom/js/ml/en_joinnew_systemfad9.js]
[static.surveypluto.com/min/js/initlanguage.min9628.js]
[cdnjs.cloudflare.com/ajax/libs/layer/3.5.1/layer.js]
[static.surveypluto.com/min/js/sls-webtrack.min9628.js]
[static.surveypluto.com/min/js/jqmobo2.min9628.js]
[static.surveypluto.com/min/js/wjxsavedata.min9628.js]
[static.surveypluto.com/static/assets/images/appearance/pc_banner01.png]
[static.surveypluto.com/static/images/layer/loading-1.gif]
[surveypluto.com/static/images/layer/loading-1.gif]
[surveypluto-us.us-east-1.log.aliyuncs.com/logstores/joinvisit/track36e1.gif]
[surveypluto.com/q/76KogblY5.html]
[surveypluto.com/cdn-cgi/l/email-protection.html]
[surveypluto.com/legal/terms-of-use/index.html]
[surveypluto.com/legal/privacy-notice/index.html]
[surveypluto.com/legal/general-data-protection-regulation/index.html]
[surveypluto.com/legal/cookie-notice/index.html]
[static.surveypluto.com/min/css/surveysoftware.min9628.css]
[static.surveypluto.com/min/css/registration-form.min9628.css]
[static.surveypluto.com/min/js/jquery-viewer.min9628.js]
[static.surveypluto.com/static/assets/images/poll/pc/studentcouncilelections.jpg]
[static.surveypluto.com/static/assets/images/poll/pc/newproductdesign.jpg]
[static.surveypluto.com/static/assets/images/poll/pc/foodmagazine.jpg]
[static.surveypluto.com/static/assets/images/poll/pc/movieawardceremony.jpg]
[static.surveypluto.com/static/assets/images/poll/pc/teambuildingactivity.jpg]
[static.surveypluto.com/min/css/poll.min9628.css]
[static.surveypluto.com/min/css/employee-satisfaction.min9628.css]
[static.surveypluto.com/static/assets/images/customer-satisfaction/bac.png]
[static.surveypluto.com/min/css/customer-satisfaction.min9628.css]
[static.surveypluto.com/min/css/employeeengagement.min9628.css]
[static.surveypluto.com/min/css/customer-journey.min9628.css]
[static.surveypluto.com/min/css/npssurvey.min9628.css]
[static.surveypluto.com/min/css/max-diff.min9628.css]
[static.surveypluto.com/min/css/conjoint-analysis.min9628.css]
[static.surveypluto.com/min/css/kano-model.min9628.css]
[static.surveypluto.com/min/css/psm-model.min9628.css]
[static.surveypluto.com/static/assets/images/concept/topbg.png]
[static.surveypluto.com/min/css/product-concept-testing.min9628.css]
[static.surveypluto.com/min/css/product-comparison-testing.min9628.css]
[static.surveypluto.com/static/assets/images/templates/bg-2.jpg]
[static.surveypluto.com/min/css/templates.min9628.css]
[static.surveypluto.com/min/css/template-questionnaire.min9628.css]
[static.surveypluto.com/min/js/template-questionnaire.min9628.js]
[osspublic.surveypluto.com/system/template/16981131542751698113154NztQrC.jpg]
[surveypluto.com/templates/category/complaint-form/index.html]
[osspublic.surveypluto.com/system/template/16952666228211695266622AWhCSJ.jpg]
[surveypluto.com/templates/category/nps/index.html]
[osspublic.surveypluto.com/system/template/16994058080011699405808nJr3We.jpg]
[surveypluto.com/templates/category/customer-booking/index.html]
[osspublic.surveypluto.com/system/template/16989086202711698908620fKZc3z.jpg]
[surveypluto.com/templates/category/customer-churn/index.html]
[osspublic.surveypluto.com/system/template/169527693198216952769317z2m4H.jpg]
[surveypluto.com/templates/category/customer-journey/index.html]
[osspublic.surveypluto.com/system/template/17043335046511704333504aGYFy7.jpg]
[surveypluto.com/templates/category/customer-request/index.html]
[osspublic.surveypluto.com/system/template/16952660802321695266080RyQd8A.jpg]
[surveypluto.com/templates/category/customer-satisfaction/index.html]
[osspublic.surveypluto.com/system/template/169527738207116952773825t3mr5.jpg]
[surveypluto.com/templates/category/exit-analysis/index.html]
[osspublic.surveypluto.com/system/template/16982184382121698218438dYSDMJ.jpg]
[surveypluto.com/templates/category/training/index.html]
[osspublic.surveypluto.com/system/template/1698300776781169830077653z6yh.jpg]
[surveypluto.com/templates/category/recruitment-process/index.html]
[osspublic.surveypluto.com/system/template/16958671628301695867162HCxmb6.jpg]
[surveypluto.com/templates/category/360-degree-feedback/index.html]
[osspublic.surveypluto.com/system/template/16952772838061695277283r54ef4.jpg]
[surveypluto.com/templates/category/employee-satisfaction/index.html]
[osspublic.surveypluto.com/system/template/16994058615711699405861XyQQyz.jpg]
[surveypluto.com/templates/category/employee-request/index.html]
[osspublic.surveypluto.com/system/template/16952773179511695277317pbdhQG.jpg]
[surveypluto.com/templates/category/employee-engagement/index.html]
[osspublic.surveypluto.com/system/template/17059921145621705992114ieb8BT.jpg]
[surveypluto.com/templates/category/employee-performance/index.html]
[osspublic.surveypluto.com/system/template/16957975829161695797582pRHKQ8.jpg]
[surveypluto.com/templates/category/product-research/index.html]
[osspublic.surveypluto.com/system/template/16989087200881698908720c4AFn3.jpg]
[surveypluto.com/templates/category/competitor-research/index.html]
[osspublic.surveypluto.com/system/template/16983991232891698399123dyZkCd.jpg]
[surveypluto.com/templates/category/market-research/index.html]
[osspublic.surveypluto.com/system/template/16983908051451698390805mdj6J6.jpg]
[surveypluto.com/templates/category/social-media/index.html]
[osspublic.surveypluto.com/system/template/16969193165131696919316zERQN7.png]
[surveypluto.com/templates/category/brand-research/index.html]
[osspublic.surveypluto.com/system/template/16989086768481698908676Pb8MK8.jpg]
[surveypluto.com/templates/category/parent-survey/index.html]
[osspublic.surveypluto.com/system/template/system/16970953434031697095343X5HRG7.jpg]
[surveypluto.com/templates/category/mental-health/index.html]
[osspublic.surveypluto.com/system/template/system/16970977933751697097793pFx5Tp.jpg]
[surveypluto.com/templates/category/performance-feedback/index.html]
[osspublic.surveypluto.com/system/template/16958708837951695870883tNpT6s.jpg]
[surveypluto.com/templates/category/course-evaluation/index.html]
[osspublic.surveypluto.com/system/template/16981124820621698112482Xz2ySx.jpg]
[surveypluto.com/templates/category/student-application/index.html]
[osspublic.surveypluto.com/system/template/16976173906621697617390jQYhxd.jpg]
[surveypluto.com/templates/category/student-registration/index.html]
[osspublic.surveypluto.com/system/template/16994059017161699405901GFXF8z.jpg]
[surveypluto.com/templates/category/student-submission/index.html]
[osspublic.surveypluto.com/system/template/17006160054751700616005ZA78Ma.jpg]
[surveypluto.com/templates/category/patient-booking/index.html]
[osspublic.surveypluto.com/system/template/17005364696161700536469fbTaEi.jpg]
[surveypluto.com/templates/category/patient-satisfaction/index.html]
[osspublic.surveypluto.com/system/template/17004696843301700469684QGQbKW.jpg]
[surveypluto.com/templates/category/patient-information/index.html]
[osspublic.surveypluto.com/system/template/17011365884511701136588n5neJF.jpg]
[surveypluto.com/templates/category/event-feedback/index.html]
[osspublic.surveypluto.com/system/template/17013060399221701306039SnsNxp.jpg]
[surveypluto.com/templates/category/event-planning/index.html]
[osspublic.surveypluto.com/system/template/170122061405217012206148F5tHm.jpg]
[surveypluto.com/templates/category/event-registration/index.html]
[osspublic.surveypluto.com/system/template/17017409769851701740976aiY5j7.jpg]
[surveypluto.com/templates/category/signup-forms/index.html]
[osspublic.surveypluto.com/system/template/17023438367951702343836dw2Bd4.jpg]
[surveypluto.com/templates/category/contact-forms/index.html]
[osspublic.surveypluto.com/system/template/17017399115941701739911sJczM2.jpg]
[surveypluto.com/templates/category/invitation-form/index.html]
[osspublic.surveypluto.com/system/template/17089307236661708930723kaFj3t.jpg]
[surveypluto.com/templates/category/reservation-forms/index.html]
[osspublic.surveypluto.com/system/template/17024301993871702430199QEwBmG.jpg]
[surveypluto.com/templates/category/consultation-forms/index.html]
[static.surveypluto.com/static/assets/images/blog/header-pc.jpg]
[static.surveypluto.com/min/css/blog.min9628.css]
[static.surveypluto.com/static/assets/js/blog-article2c13.js]
[static.surveypluto.com/min/css/blog-article.min9628.css]
[static.surveypluto.com/static/assets/images/common/back.png]
[osspublic.surveypluto.com/system/blog/17047714433491704771443YmNtcm.jpg]
[surveypluto.com/blog/gather-student-voice-to-drive-change-by-survey-platforms/index.html]
[osspublic.surveypluto.com/system/blog/17036461483901703646148RTFyBy.jpg]
[surveypluto.com/blog/enhance-patient-satisfaction-for-a-better-customer-experience/index.html]
[osspublic.surveypluto.com/system/blog/17023440471321702344047rxmtEf.jpg]
[surveypluto.com/blog/maximizing-participation-with-survey-description-writing/index.html]
[osspublic.surveypluto.com/system/blog/170063415729817006341574TtmHX.jpg]
[surveypluto.com/blog/optimizing-customer-journey-to-enhance-customer-experience/index.html]
[osspublic.surveypluto.com/system/blog/17001871780561700187178eiJWTr.jpg]
[surveypluto.com/blog/tips-for-making-a-student-registration-form/index.html]
[osspublic.surveypluto.com/system/blog/17001853412061700185341BdMWYb.jpg]
[osspublic.surveypluto.com/system/blog/17001855837991700185583zYwByj.png]
[osspublic.surveypluto.com/system/blog/17001856001401700185600Ysef4z.png]
[surveypluto.com/blog/enhance-survey-effectiveness-the-power-of-option-randomization/index.html]
[osspublic.surveypluto.com/system/blog/17000978069711700097806dTrcdW.jpg]
[surveypluto.com/blog/360-degree-evaluation-benefits-challenges-and-best-practices/index.html]
[osspublic.surveypluto.com/system/blog/170003576724717000357672GctDa.jpg]
[osspublic.surveypluto.com/system/blog/17000357881101700035788C3badF.png]
[surveypluto.com/blog/upgrade-your-surveys-with-these-effective-likert-scale-examples/index.html]
[osspublic.surveypluto.com/system/blog/16995143755341699514375FXszG4.jpg]
[surveypluto.com/blog/the-importance-of-conducting-stress-surveys-for-students/index.html]
[osspublic.surveypluto.com/system/blog/16994986026381699498602HGK53k.jpg]
[surveypluto.com/blog/survey-success-discovering-the-optimal-time-for-sending-your-survey/index.html]
[osspublic.surveypluto.com/system/blog/16994963230211699496323CT8Qec.jpg]
[surveypluto.com/blog/how-to-turn-nps-detractors-into-nps-promoters/index.html]
[osspublic.surveypluto.com/system/blog/16993401381971699340138S6NC7j.jpg]
[surveypluto.com/blog/maximizing-advertising-effectiveness-with-ad-testing-research/index.html]
[osspublic.surveypluto.com/system/blog/16993390350381699339035P4zYMf.jpg]
[surveypluto.com/blog/student-satisfaction-survey/index.html]
[osspublic.surveypluto.com/system/blog/16993387590151699338759j6c4GJ.jpg]
[surveypluto.com/blog/unlock-business-success-prioritize-your-employees-experience/index.html]
[osspublic.surveypluto.com/system/blog/16993188407861699318840zWe5MW.jpg]
[surveypluto.com/blog/strategic-exit-interview-questions-to-gain-insight-into-your-departing-employees/index.html]
[osspublic.surveypluto.com/system/blog/16992421059541699242105BjBDzy.jpg]
[surveypluto.com/blog/naming-matters-the-role-of-a-great-product-name/index.html]
[osspublic.surveypluto.com/system/blog/16992410877651699241087kY2FBG.jpg]
[surveypluto.com/blog/enhancing-customer-experience-the-key-to-building-a-stronger-business/index.html]
[osspublic.surveypluto.com/system/blog/169924013887416992401385yWDis.jpg]
[surveypluto.com/blog/free-survey-maker-create-surveys-and-get-insights-with-surveypluto/index.html]
[osspublic.surveypluto.com/system/blog/16992330098291699233009EKz7M8.jpg]
[osspublic.surveypluto.com/system/blog/16992330539531699233053ee7ZS5.png]
[surveypluto.com/blog/comparing-quantitative-and-qualitative-research-methods/index.html]
[osspublic.surveypluto.com/system/blog/16989753634211698975363ahWmyk.jpg]
[surveypluto.com/blog/likert-scale-in-online-surveys-definition-and-examples/index.html]
[osspublic.surveypluto.com/system/blog/16989751252961698975125bePEBY.jpg]
[surveypluto.com/blog/an-overview-of-common-types-of-market-research-questions/index.html]
[osspublic.surveypluto.com/system/blog/16989749472381698974947D4Gxpx.jpg]
[surveypluto.com/blog/customizing-your-questionnaire-by-setting-up-logic/index.html]
[osspublic.surveypluto.com/system/blog/169897453073216989745305rty55.jpg]
[surveypluto.com/blog/an-efficient-data-collection-and-insights-survey-platform/index.html]
[osspublic.surveypluto.com/system/blog/16988926459011698892645JeZefN.jpg]
[osspublic.surveypluto.com/system/blog/16988926969501698892696SpJWH4.png]
[surveypluto.com/blog/effective-nps-survey-questions/index.html]
[osspublic.surveypluto.com/system/blog/16988914565601698891456QMA4cW.jpg]
[surveypluto.com/blog/how-to-create-a-questionnaire-for-honest-feedback/index.html]
[osspublic.surveypluto.com/system/blog/16988870516111698887051ENi2Mk.jpg]
[surveypluto.com/blog/market-research-questionnaire/index.html]
[osspublic.surveypluto.com/system/blog/16988868305721698886830yeNpNW.jpg]
[surveypluto.com/blog/how-to-measure-employee-engagement/index.html]
[osspublic.surveypluto.com/system/blog/169882309980016988230992TtGZQ.jpg]
[surveypluto.com/blog/four-steps-to-create-a-professional-survey/index.html]
[osspublic.surveypluto.com/system/blog/16988214011881698821401bnmtsA.jpg]
[surveypluto.com/blog/essential-training-survey-questions-for-employees/index.html]
[osspublic.surveypluto.com/system/blog/169882081501516988208152EZcbf.jpg]
[osspublic.surveypluto.com/system/blog/17050287966001705028796ptCf3S.png]
[osspublic.surveypluto.com/system/blog/17090237783491709023778GHPsnH.png]
[surveypluto.com/blog/open-ended-vs-closed-ended-questions/index.html]
[osspublic.surveypluto.com/system/blog/16988201592401698820159KbzGzN.jpg]
[surveypluto.com/blog/unlocking-the-benefits-of-online-surveys/index.html]
[static.surveypluto.com/static/assets/images/help-center/header-pc.jpg]
[static.surveypluto.com/min/css/help-center.min9628.css]
[static.surveypluto.com/min/css/iconfontwjx.min9628.css]
[static.surveypluto.com/min/css/pagenation.min9628.css]
[static.surveypluto.com/min/css/help-second-level.min9628.css]
[static.surveypluto.com/min/js/help-second-level.min9628.js]
[static.surveypluto.com/min/css/help-left-menu.min9628.css]
[surveypluto.com/help/add-questions/research-question-types/index.html]
[static.surveypluto.com/min/js/help-left-menu.min9628.js]
[surveypluto.com/help/add-questions/designing-your-survey/adding-and-editing-description/index.html]
[surveypluto.com/help/add-questions/designing-your-survey/changing-the-survey-title/index.html]
[surveypluto.com/help/add-questions/designing-your-survey/adding-and-editing-questions/index.html]
[surveypluto.com/help/add-questions/designing-your-survey/adding-options/index.html]
[static.surveypluto.com/min/css/help-doc.min9628.css]
[surveypluto.com/help/add-questions/designing-your-survey/deleting-questions/index.html]
[surveypluto.com/help/add-questions/designing-your-survey/adding-and-editing-answer-hint/index.html]
[surveypluto.com/help/add-questions/choice-question-types/multiple-choice-question/index.html]
[static.surveypluto.com/min/js/help-doc.min9628.js]
[surveypluto.com/help/add-questions/designing-your-survey/deleting-options/index.html]
[surveypluto.com/help/add-questions/choice-question-types/dropdown-question/index.html]
[surveypluto.com/help/add-questions/choice-question-types/checkboxes-question/index.html]
[surveypluto.com/help/add-questions/choice-question-types/upload-question/index.html]
[surveypluto.com/help/add-questions/choice-question-types/rank-order-question/index.html]
[surveypluto.com/help/add-questions/choice-question-types/rating-question/index.html]
[osspublic.surveypluto.com/system/helpdocument/17085695198731708569519rMdRFG.png]
[surveypluto.com/help/add-questions/text-question-types/single-textbox-question/index.html]
[surveypluto.com/help/add-questions/text-question-types/multiple-textbox-question/index.html]
[surveypluto.com/help/add-questions/text-question-types/matrix-text-question/index.html]
[surveypluto.com/help/add-questions/question-settings/index.html]
[osspublic.surveypluto.com/system/helpdocument/17085702948541708570294f3cBWf.1d9.delayed]
[surveypluto.com/help/add-questions/question-settings/formatting-questions/index.html]
[surveypluto.com/help/add-questions/question-settings/making-questions-required/index.html]
[surveypluto.com/help/add-questions/question-settings/hiding-the-question/index.html]
[surveypluto.com/help/add-questions/question-settings/double-title/index.html]
[surveypluto.com/help/add-questions/option-settings/index.html]
[osspublic.surveypluto.com/system/helpdocument/17085703618621708570361kJxRPK.png]
[surveypluto.com/help/add-questions/option-settings/randomizing-options/index.html]
[surveypluto.com/help/add-questions/option-settings/allowing-comments-for-an-option/index.html]
[surveypluto.com/help/add-questions/option-settings/group-settings/index.html]
[surveypluto.com/help/add-questions/option-settings/setting-option-as-default/index.html]
[surveypluto.com/help/add-questions/option-settings/stacked-options/index.html]
[surveypluto.com/help/add-questions/option-settings/pipe-answer/index.html]
[osspublic.surveypluto.com/system/helpdocument/17085705031481708570503sJrsyN.png]
[surveypluto.com/help/add-questions/option-settings/adding-descriptions-in-options/index.html]
[surveypluto.com/help/add-questions/option-settings/adding-pictures-in-options/index.html]
[surveypluto.com/help/add-questions/logic-setting/index.html]
[surveypluto.com/help/add-questions/logic-setting/skip-logic/index.html]
[surveypluto.com/help/go-to-collect/sending-by-link/sending-a-survey-link/index.html]
[osspublic.surveypluto.com/system/helpdocument/17085715979541708571597fsiRsS.png]
[osspublic.surveypluto.com/system/helpdocument/17085699683941708569968ND6kdc.png]
[surveypluto.com/help/add-questions/research-question-types/maxdiff-analysis-question/index.html]
[osspublic.surveypluto.com/system/helpdocument/17085833672701708583367A5Wjc5.png]
[osspublic.surveypluto.com/system/helpdocument/17085831340021708583134RFbQZy.png]
[osspublic.surveypluto.com/system/helpdocument/1708583210432170858321087eKCJ.png]
[osspublic.surveypluto.com/system/helpdocument/170858327276917085832725YsEY2.png]
[osspublic.surveypluto.com/system/helpdocument/170858555161417085855512whwMs.png]
[osspublic.surveypluto.com/system/helpdocument/17085856269161708585626cYxjTi.png]
[osspublic.surveypluto.com/system/helpdocument/17085862272581708586227MSBM8H.png]
[osspublic.surveypluto.com/system/helpdocument/17085845572401708584557R4PBF6.png]
[osspublic.surveypluto.com/system/helpdocument/17085845867541708584586n7WNEr.png]
[osspublic.surveypluto.com/system/helpdocument/17085846119621708584611z3YCtD.png]
[osspublic.surveypluto.com/system/helpdocument/17085846366561708584636wbSZkZ.png]
[osspublic.surveypluto.com/system/helpdocument/17085846598311708584659pCTJ6H.png]
[osspublic.surveypluto.com/system/helpdocument/170858567352317085856738BiKMm.png]
[surveypluto.com/help/add-questions/research-question-types/kano-model-question/index.html]
[osspublic.surveypluto.com/system/helpdocument/170858778730017085877875tKQEj.png]
[osspublic.surveypluto.com/system/helpdocument/1708587476732170858747687tfQn.png]
[osspublic.surveypluto.com/system/helpdocument/17085877309361708587730Htz6Jh.png]
[osspublic.surveypluto.com/system/helpdocument/17085914443711708591444ctDrxt.png]
[osspublic.surveypluto.com/system/helpdocument/17085923264621708592326Xrfp7N.png]
[osspublic.surveypluto.com/system/helpdocument/17086505843891708650584khhy43.png]
[surveypluto.com/help/add-questions/research-question-types/van-westendorp-psm-question/index.html]
[osspublic.surveypluto.com/system/helpdocument/17053051544021705305154EbMAce.png]
[osspublic.surveypluto.com/system/helpdocument/17053054297561705305429iDsB4z.png]
[osspublic.surveypluto.com/system/helpdocument/17053055312641705305531mP7ABi.png]
[osspublic.surveypluto.com/system/helpdocument/17053056987101705305698MAMrk6.png]
[osspublic.surveypluto.com/system/helpdocument/170530576531617053057658aizGF.png]
[osspublic.surveypluto.com/system/helpdocument/17053058129461705305812NFxXWC.png]
[surveypluto.com/help/add-questions/designing-your-survey/creating-a-survey-from-scratch/index.html]
[osspublic.surveypluto.com/system/helpdocument/17055633582561705563358JbDmey.png]
[osspublic.surveypluto.com/system/helpdocument/17055634118701705563411ZkPGMa.png]
[osspublic.surveypluto.com/system/helpdocument/170556436744217055643672DnBrK.png]
[osspublic.surveypluto.com/system/helpdocument/17055647017151705564701Pn7idj.png]
[surveypluto.com/help/add-questions/question-settings/referring-to-previous-answer/index.html]
[osspublic.surveypluto.com/system/helpdocument/17065815371511706581537R2s4Fa.png]
[osspublic.surveypluto.com/system/helpdocument/17065820487201706582048r3rbf4.png]
[osspublic.surveypluto.com/system/helpdocument/170658210294017065821023YKkyf.png]
[osspublic.surveypluto.com/system/helpdocument/17065822082381706582208dKKP3j.png]
[osspublic.surveypluto.com/system/helpdocument/17065796074741706579607XP6TsS.png]
[osspublic.surveypluto.com/system/helpdocument/170657994541517065799456DBPdQ.png]
[osspublic.surveypluto.com/system/helpdocument/17065799984921706579998HAw6DA.png]
[surveypluto.com/help/add-questions/logic-setting/display-logic/index.html]
[static.surveypluto.com/min/css/help-first-level.min9628.css]
[surveypluto.com/help/add-questions/index.html]
[surveypluto.com/help/add-questions/designing-your-survey/index.html]
[surveypluto.com/help/add-questions/choice-question-types/index.html]
[surveypluto.com/help/add-questions/text-question-types/index.html]
[surveypluto.com/help/go-to-collect/index.html]
[surveypluto.com/help/go-to-collect/sending-by-link/index.html]
[static.surveypluto.com/min/css/contact-us.min9628.css]
[static.surveypluto.com/min/js/contact-us.min9628.js]
[cdnjs.cloudflare.com/ajax/libs/element-plus/2.4.1/index.min.css]
[static.surveypluto.com/static/app/202402280050/css/9eff6127.css]
[static.surveypluto.com/min/js/help-first-level.min9628.js]
[static.surveypluto.com/Images/newimg/ellipsis.png]
[static.surveypluto.com/Images/newimg/previous2-new@2x.png]
[static.surveypluto.com/Images/newimg/next2-new@2x.png]
[static.surveypluto.com/Images/newimg/first2-new@2x.png]
[static.surveypluto.com/Images/newimg/last2-new@2x.png]
[static.surveypluto.com/Images/newimg/previous-new@2x.png]
[static.surveypluto.com/Images/newimg/next-new@2x.png]
[static.surveypluto.com/Images/newimg/first1-new@2x.png]
[static.surveypluto.com/Images/newimg/last1-new@2x.png]
[static.surveypluto.com/Images/newimg/previous1-new@2x.png]
[static.surveypluto.com/Images/newimg/next1-new@2x.png]
[static.surveypluto.com/Images/newimg/first-new@2x.png]
[static.surveypluto.com/Images/newimg/last-new@2x.png]
[static.surveypluto.com/images/newimg/dim-set/triangle.png]
[static.surveypluto.com/min/css/default.min9628.css]
[static.surveypluto.com/images/weixin/return@2x.png]
[static.surveypluto.com/images/newimg/wjx-phone/btn.png]
[static.surveypluto.com/images/newimg/wjx-phone/btn@2x.png]
[static.surveypluto.com/images/newimg/wjx-phone/btn@3x.png]
[static.surveypluto.com/min/css/phone.min9628.css]
[static.surveypluto.com/static/images/mobile/icon@2x.png]
[static.surveypluto.com/static/images/mobile/icon@3x.png]
[static.surveypluto.com/min/css/scan.min9628.css]
[static.surveypluto.com/static/images/comImg/rl@2x.png]
[static.surveypluto.com/static/images/comImg/r180@2x.png]
[static.surveypluto.com/static/images/comImg/rr@2x.png]
[static.surveypluto.com/static/images/comImg/fd.png]
[static.surveypluto.com/static/images/comImg/sx.png]
[static.surveypluto.com/static/images/comImg/close-line@2x.png]
[static.surveypluto.com/min/css/viewer.min9628.css]
[static.surveypluto.com/min/css/quill.min9628.css]
[static.surveypluto.com/static/images/comimg/close@2x.png]
[static.surveypluto.com/images/weixin/mobileLogo.png]
[static.surveypluto.com/static/images/comimg/search.png]
[static.surveypluto.com/images/weixin/mobile/voice_icon@2x.png]
[static.surveypluto.com/images/newsojiang/mobile/arrow-bottom@2x.png]
[static.surveypluto.com/static/images/join/checked.png]
[static.surveypluto.com/images/wjxMobile/love-nor@2x.png]
[static.surveypluto.com/images/wjxMobile/love@2x.png]
[static.surveypluto.com/static/images/join/erroricon.png]
[static.surveypluto.com/images/newimg/aui-icon-close.png]
[static.surveypluto.com/images/wjxMobile/bg@2x.png]
[static.surveypluto.com/Images/wjxMobile/according@2x.png]
[static.surveypluto.com/Images/wjxMobile/hidden@2x.png]
[static.surveypluto.com/static/images/comimg/djs.png]
[static.surveypluto.com/static/images/join/delete-new@2x.png]
[static.surveypluto.com/images/newimg/newupload/del-nor@2x.png]
[static.surveypluto.com/Images/newimg/newupload/del-nor@2x-2.png]
[static.surveypluto.com/Images/newimg/newupload/del-pre@2x.png]
[static.surveypluto.com/Images/newimg/newupload/camera-icon.png]
[static.surveypluto.com/Images/newimg/newupload/upload-pc@2x.png]
[static.surveypluto.com/Images/newimg/newupload/upload-pc-pre@2x.png]
[static.surveypluto.com/static/images/common-img-pc/del@2x.png]
[static.surveypluto.com/static/images/common-img-pc/search.png]
[static.surveypluto.com/images/joinactivity/guabg.png]
[static.surveypluto.com/static/images/join/del@2x.png]
[static.surveypluto.com/static/images/design/drag-icon.png]
[static.surveypluto.com/images/comImg/mdlayer@2x.png]
[static.surveypluto.com/static/images/comimg/mdlayerpc@2x.png]
[static.surveypluto.com/static/images/common-img-pc/toast-suc.png]
[static.surveypluto.com/static/images/common-img-pc/toast-suc_ie.png]
[static.surveypluto.com/static/images/common-img-pc/toast-fail.png]
[static.surveypluto.com/static/images/common-img-pc/toast-fail_ie.png]
[static.surveypluto.com/static/images/common-img-pc/toast-tixin.png]
[static.surveypluto.com/static/images/common-img-pc/toast-tixin_ie.png]
[static.surveypluto.com/static/images/common-img-pc/toast-tongzhi.png]
[static.surveypluto.com/static/images/common-img-pc/toast-tongzhi_ie.png]
[static.surveypluto.com/min/css/jqmobo.min9628.css]
[static.surveypluto.com/static/images/common-img-pc/qrIcon.png]
[static.surveypluto.com/min/css/jqmobo_pc.min9628.css]
[static.surveypluto.com/min/css/template-questionnaire.min9628.css]
[static.surveypluto.com/min/css/blog-article.min9628.css]
[static.surveypluto.com/min/css/help-second-level.min9628.css]
[static.surveypluto.com/min/css/help-left-menu.min9628.css]
[osspublic.surveypluto.com/system/helpdocument/17053691083761705369108Ak4M2k.png]
[osspublic.surveypluto.com/system/helpdocument/17053691566551705369156bXMnyx.png]
[osspublic.surveypluto.com/system/helpdocument/170536925013017053692503RMJ7M.png]
[osspublic.surveypluto.com/system/helpdocument/17053694244651705369424AcKXhR.png]
[osspublic.surveypluto.com/system/helpdocument/17053694697301705369469ksWPdb.png]
[osspublic.surveypluto.com/system/helpdocument/17053698285041705369828Cd3WYJ.png]
[osspublic.surveypluto.com/system/helpdocument/17053698975841705369897Jxb7jP.png]
[osspublic.surveypluto.com/system/helpdocument/17053699765221705369976DDpf3B.png]
[osspublic.surveypluto.com/system/helpdocument/17053701269341705370126fNbttS.png]
[surveypluto.com/help/add-questions/designing-your-survey/changing-the-survey-title/index.html]
[osspublic.surveypluto.com/system/helpdocument/17053895267861705389526CjKE4s.png]
[osspublic.surveypluto.com/system/helpdocument/17053895684591705389568NdyxPf.png]
[surveypluto.com/help/add-questions/designing-your-survey/adding-and-editing-description/index.html]
[osspublic.surveypluto.com/system/helpdocument/17059987111641705998711b7yZXR.png]
[osspublic.surveypluto.com/system/helpdocument/170599904070717059990402dsHcD.png]
[osspublic.surveypluto.com/system/helpdocument/17059991357081705999135ARTAiA.png]
[osspublic.surveypluto.com/system/helpdocument/170599920491917059992046rTiQa.png]
[osspublic.surveypluto.com/system/helpdocument/17059995721181705999572myKTxT.png]
[osspublic.surveypluto.com/system/helpdocument/17059999068731705999906CmeyAZ.png]
[osspublic.surveypluto.com/system/helpdocument/17059999565171705999956s4ppHi.png]
[osspublic.surveypluto.com/system/helpdocument/17060001850141706000185RpcFAD.png]
[osspublic.surveypluto.com/system/helpdocument/17060002650901706000265TEwXmX.png]
[surveypluto.com/help/add-questions/designing-your-survey/adding-and-editing-questions/index.html]
[osspublic.surveypluto.com/system/helpdocument/17060645699881706064569E3QGDN.png]
[osspublic.surveypluto.com/system/helpdocument/170606506363017060650633bPkB7.png]
[osspublic.surveypluto.com/system/helpdocument/17060657187901706065718kyN4Y3.png]
[osspublic.surveypluto.com/system/helpdocument/17060658268821706065826fjhBWG.png]
[osspublic.surveypluto.com/system/helpdocument/170606618984117060661892w2sps.png]
[surveypluto.com/help/add-questions/designing-your-survey/adding-options/index.html]
[osspublic.surveypluto.com/system/helpdocument/17060796147751706079614FBNhir.png]
[surveypluto.com/help/add-questions/designing-your-survey/adding-and-editing-answer-hint/index.html]
[osspublic.surveypluto.com/system/helpdocument/17060872125241706087212mM4B4H.png]
[osspublic.surveypluto.com/system/helpdocument/17060872701351706087270yABaFe.png]
[osspublic.surveypluto.com/system/helpdocument/17060876674931706087667GNbimP.png]
[osspublic.surveypluto.com/system/helpdocument/17060877285831706087728TtRe3t.png]
[surveypluto.com/help/add-questions/designing-your-survey/deleting-questions/index.html]
[osspublic.surveypluto.com/system/helpdocument/17061474231461706147423CeA5jM.png]
[osspublic.surveypluto.com/system/helpdocument/170614775897317061477583tPf7t.png]
[osspublic.surveypluto.com/system/helpdocument/17061479593171706147959NnRKWt.png]
[osspublic.surveypluto.com/system/helpdocument/170614802878217061480286yPxWk.png]
[surveypluto.com/help/add-questions/designing-your-survey/deleting-options/index.html]
[osspublic.surveypluto.com/system/helpdocument/17066844080961706684408h4AJYi.png]
[osspublic.surveypluto.com/system/helpdocument/17066844791821706684479Gz5xKQ.png]
[osspublic.surveypluto.com/system/helpdocument/17066844420341706684442yJFfF2.png]
[surveypluto.com/help/add-questions/choice-question-types/multiple-choice-question/index.html]
[osspublic.surveypluto.com/system/helpdocument/17066846252261706684625DmXZy4.png]
[osspublic.surveypluto.com/system/helpdocument/17066845425301706684542Sc3ByB.png]
[osspublic.surveypluto.com/system/helpdocument/17060840287791706084028ptR7dG.png]
[osspublic.surveypluto.com/system/helpdocument/17060835115321706083511FmrAPx.png]
[osspublic.surveypluto.com/system/helpdocument/17066845863271706684586XEiHx4.png]
[surveypluto.com/help/add-questions/choice-question-types/checkboxes-question/index.html]
[osspublic.surveypluto.com/system/helpdocument/17066847721141706684772YaerbM.png]
[osspublic.surveypluto.com/system/helpdocument/17066063073551706606307y5WXPw.png]
[osspublic.surveypluto.com/system/helpdocument/170660619702517066061976CWTcy.png]
[osspublic.surveypluto.com/system/helpdocument/17066059247551706605924cj6Z27.png]
[surveypluto.com/help/add-questions/choice-question-types/dropdown-question/index.html]
[osspublic.surveypluto.com/system/helpdocument/17066848322791706684832htDex7.png]
[osspublic.surveypluto.com/system/helpdocument/17066670517301706667051YR2Xf3.png]
[osspublic.surveypluto.com/system/helpdocument/17066673324881706667332AydAFB.png]
[osspublic.surveypluto.com/system/helpdocument/17066678286251706667828K22WjJ.png]
[osspublic.surveypluto.com/system/helpdocument/17066678542361706667854pxYN2B.png]
[osspublic.surveypluto.com/system/helpdocument/17066685372571706668537YCKRTd.png]
[osspublic.surveypluto.com/system/helpdocument/17066686568801706668656MhJWaD.png]
[osspublic.surveypluto.com/system/helpdocument/17066691261761706669126s3TYWw.png]
[surveypluto.com/help/add-questions/choice-question-types/upload-question/index.html]
[osspublic.surveypluto.com/system/helpdocument/17066842724821706684272szM4KA.png]
[osspublic.surveypluto.com/system/helpdocument/17066842023301706684202msKej8.png]
[osspublic.surveypluto.com/system/helpdocument/170668407056817066840702bwJEe.png]
[osspublic.surveypluto.com/system/helpdocument/17066854465381706685446YWNcpe.png]
[osspublic.surveypluto.com/system/helpdocument/17066861593091706686159RX2d7C.png]
[osspublic.surveypluto.com/system/helpdocument/17066862536321706686253R2pbNQ.png]
[surveypluto.com/help/add-questions/choice-question-types/rank-order-question/index.html]
[osspublic.surveypluto.com/system/helpdocument/1706688602964170668860267ZeQP.png]
[osspublic.surveypluto.com/system/helpdocument/17066906075991706690607GQhiCf.png]
[osspublic.surveypluto.com/system/helpdocument/17066910769881706691076rF8YA5.png]
[osspublic.surveypluto.com/system/helpdocument/170669113023817066911308Qfhxs.png]
[osspublic.surveypluto.com/system/helpdocument/17066900289231706690028jTXCKk.png]
[osspublic.surveypluto.com/system/helpdocument/17066901608471706690160yD7KRH.png]
[surveypluto.com/help/add-questions/choice-question-types/rating-question/index.html]
[osspublic.surveypluto.com/system/helpdocument/17066848709651706684870SxbbNm.png]
[osspublic.surveypluto.com/system/helpdocument/17066825703691706682570zxBnbR.png]
[osspublic.surveypluto.com/system/helpdocument/170668220278717066822026wicMM.png]
[osspublic.surveypluto.com/system/helpdocument/17066822748781706682274XXknMk.png]
[osspublic.surveypluto.com/system/helpdocument/17066823725951706682372M54nxS.png]
[osspublic.surveypluto.com/system/helpdocument/17066828832071706682883zrNEFX.png]
[osspublic.surveypluto.com/system/helpdocument/170668296525017066829654YSars.png]
[surveypluto.com/help/add-questions/text-question-types/single-textbox-question/index.html]
                                                                                                                                                                                                                                                                                                                                                                                                                                                                                                                                                                                                                                                                                                    